#
# There is insufficient memory for the Java Runtime Environment to continue.
# Native memory allocation (malloc) failed to allocate 376304 bytes. Error detail: Chunk::new
# Possible reasons:
#   The system is out of physical RAM or swap space
#   This process is running with CompressedOops enabled, and the Java Heap may be blocking the growth of the native heap
# Possible solutions:
#   Reduce memory load on the system
#   Increase physical memory or swap space
#   Check if swap backing store is full
#   Decrease Java heap size (-Xmx/-Xms)
#   Decrease number of Java threads
#   Decrease Java thread stack sizes (-Xss)
#   Set larger code cache with -XX:ReservedCodeCacheSize=
#   JVM is running with Unscaled Compressed Oops mode in which the Java heap is
#     placed in the first 4GB address space. The Java Heap base address is the
#     maximum limit for the native heap growth. Please use -XX:HeapBaseMinAddress
#     to set the Java Heap base and to place the Java Heap above 4GB virtual address.
# This output file may be truncated or incomplete.
#
#  Out of Memory Error (arena.cpp:168), pid=11820, tid=12568
#
# JRE version: OpenJDK Runtime Environment Temurin-21.0.10+7 (21.0.10+7) (build 21.0.10+7-LTS)
# Java VM: OpenJDK 64-Bit Server VM Temurin-21.0.10+7 (21.0.10+7-LTS, mixed mode, sharing, tiered, compressed oops, compressed class ptrs, g1 gc, windows-amd64)
# No core dump will be written. Minidumps are not enabled by default on client versions of Windows
#

---------------  S U M M A R Y ------------

Command Line: --add-opens=java.base/java.lang=ALL-UNNAMED --add-opens=java.base/java.lang.invoke=ALL-UNNAMED --add-opens=java.base/java.util=ALL-UNNAMED --add-opens=java.prefs/java.util.prefs=ALL-UNNAMED --add-exports=jdk.compiler/com.sun.tools.javac.api=ALL-UNNAMED --add-exports=jdk.compiler/com.sun.tools.javac.util=ALL-UNNAMED --add-opens=java.base/java.util=ALL-UNNAMED --add-opens=java.prefs/java.util.prefs=ALL-UNNAMED --add-opens=java.base/java.nio.charset=ALL-UNNAMED --add-opens=java.base/java.net=ALL-UNNAMED --add-opens=java.base/java.util.concurrent.atomic=ALL-UNNAMED --add-opens=java.xml/javax.xml.namespace=ALL-UNNAMED -XX:MaxMetaspaceSize=1G -XX:ReservedCodeCacheSize=256m -XX:+HeapDumpOnOutOfMemoryError -Xmx2G -Dfile.encoding=UTF-8 -Duser.country=US -Duser.language=en -Duser.variant -javaagent:C:\Users\PC\.gradle\wrapper\dists\gradle-8.13-all\54h0s9kvb6g2sinako7ub77ku\gradle-8.13\lib\agents\gradle-instrumentation-agent-8.13.jar org.gradle.launcher.daemon.bootstrap.GradleDaemon 8.13

Host: 12th Gen Intel(R) Core(TM) i5-1235U, 12 cores, 7G,  Windows 11 , 64 bit Build 26100 (10.0.26100.8246)
Time: Sun May  3 21:57:02 2026 Greenwich elapsed time: 33.096374 seconds (0d 0h 0m 33s)

---------------  T H R E A D  ---------------

Current thread (0x00000290d6698090):  JavaThread "C2 CompilerThread0" daemon [_thread_in_native, id=12568, stack(0x000000e821c00000,0x000000e821d00000) (1024K)]


Current CompileTask:
C2:33096 5505       4       java.lang.String::split (242 bytes)

Stack: [0x000000e821c00000,0x000000e821d00000]
Native frames: (J=compiled Java code, j=interpreted, Vv=VM code, C=native code)
V  [jvm.dll+0x6d7a39]
V  [jvm.dll+0x8b4b26]
V  [jvm.dll+0x8b70de]
V  [jvm.dll+0x8b77c3]
V  [jvm.dll+0x284346]
V  [jvm.dll+0xc66ed]
V  [jvm.dll+0xc6c31]
V  [jvm.dll+0x3bec3b]
V  [jvm.dll+0x1e3f69]
V  [jvm.dll+0x24c6b3]
V  [jvm.dll+0x24bb40]
V  [jvm.dll+0x1cb34e]
V  [jvm.dll+0x25b85d]
V  [jvm.dll+0x259dea]
V  [jvm.dll+0x3f857e]
V  [jvm.dll+0x85f59d]
V  [jvm.dll+0x6d626d]
C  [ucrtbase.dll+0x37b0]
C  [KERNEL32.DLL+0x2e8d7]
C  [ntdll.dll+0x8c3fc]


---------------  P R O C E S S  ---------------

Threads class SMR info:
_java_thread_list=0x00000290ddec2250, length=35, elements={
0x00000290bda7c860, 0x00000290d5eec030, 0x00000290d5eeca90, 0x00000290d5ef40e0,
0x00000290d5ef71a0, 0x00000290d5ef4da0, 0x00000290d5ef5800, 0x00000290d6698090,
0x00000290d66bb8c0, 0x00000290d689ffe0, 0x00000290d69a1e60, 0x00000290d67967f0,
0x00000290dc4b5340, 0x00000290dc3ad400, 0x00000290dc4f9e60, 0x00000290dc4fcbd0,
0x00000290dc538770, 0x00000290dc53a6c0, 0x00000290dc5733b0, 0x00000290dc572d20,
0x00000290dc572000, 0x00000290dc573a40, 0x00000290dc5740d0, 0x00000290dc574760,
0x00000290dc574df0, 0x00000290dc572690, 0x00000290dc7a1160, 0x00000290dc79dce0,
0x00000290dc7a0ad0, 0x00000290dc7a1e80, 0x00000290dc79ea00, 0x00000290dc7a0440,
0x00000290dc7a2510, 0x00000290dc7a2ba0, 0x00000290dee265d0
}

Java Threads: ( => current thread )
  0x00000290bda7c860 JavaThread "main"                              [_thread_blocked, id=20440, stack(0x000000e820e00000,0x000000e820f00000) (1024K)]
  0x00000290d5eec030 JavaThread "Reference Handler"          daemon [_thread_blocked, id=22568, stack(0x000000e821600000,0x000000e821700000) (1024K)]
  0x00000290d5eeca90 JavaThread "Finalizer"                  daemon [_thread_blocked, id=21988, stack(0x000000e821700000,0x000000e821800000) (1024K)]
  0x00000290d5ef40e0 JavaThread "Signal Dispatcher"          daemon [_thread_blocked, id=19484, stack(0x000000e821800000,0x000000e821900000) (1024K)]
  0x00000290d5ef71a0 JavaThread "Attach Listener"            daemon [_thread_blocked, id=19124, stack(0x000000e821900000,0x000000e821a00000) (1024K)]
  0x00000290d5ef4da0 JavaThread "Service Thread"             daemon [_thread_blocked, id=2136, stack(0x000000e821a00000,0x000000e821b00000) (1024K)]
  0x00000290d5ef5800 JavaThread "Monitor Deflation Thread"   daemon [_thread_blocked, id=23244, stack(0x000000e821b00000,0x000000e821c00000) (1024K)]
=>0x00000290d6698090 JavaThread "C2 CompilerThread0"         daemon [_thread_in_native, id=12568, stack(0x000000e821c00000,0x000000e821d00000) (1024K)]
  0x00000290d66bb8c0 JavaThread "C1 CompilerThread0"         daemon [_thread_blocked, id=17960, stack(0x000000e821d00000,0x000000e821e00000) (1024K)]
  0x00000290d689ffe0 JavaThread "Common-Cleaner"             daemon [_thread_blocked, id=18928, stack(0x000000e821e00000,0x000000e821f00000) (1024K)]
  0x00000290d69a1e60 JavaThread "Notification Thread"        daemon [_thread_blocked, id=23320, stack(0x000000e821f00000,0x000000e822000000) (1024K)]
  0x00000290d67967f0 JavaThread "Daemon health stats"               [_thread_blocked, id=19260, stack(0x000000e822700000,0x000000e822800000) (1024K)]
  0x00000290dc4b5340 JavaThread "Incoming local TCP Connector on port 46405"        [_thread_in_native, id=21624, stack(0x000000e822800000,0x000000e822900000) (1024K)]
  0x00000290dc3ad400 JavaThread "Daemon periodic checks"            [_thread_blocked, id=21308, stack(0x000000e822900000,0x000000e822a00000) (1024K)]
  0x00000290dc4f9e60 JavaThread "Daemon"                            [_thread_blocked, id=2092, stack(0x000000e822600000,0x000000e822700000) (1024K)]
  0x00000290dc4fcbd0 JavaThread "Handler for socket connection from /127.0.0.1:46405 to /127.0.0.1:46406"        [_thread_in_native, id=22108, stack(0x000000e822a00000,0x000000e822b00000) (1024K)]
  0x00000290dc538770 JavaThread "Cancel handler"                    [_thread_blocked, id=15136, stack(0x000000e822b00000,0x000000e822c00000) (1024K)]
  0x00000290dc53a6c0 JavaThread "Daemon worker"                     [_thread_in_Java, id=22672, stack(0x000000e822c00000,0x000000e822d00000) (1024K)]
  0x00000290dc5733b0 JavaThread "Asynchronous log dispatcher for DefaultDaemonConnection: socket connection from /127.0.0.1:46405 to /127.0.0.1:46406"        [_thread_blocked, id=20464, stack(0x000000e822d00000,0x000000e822e00000) (1024K)]
  0x00000290dc572d20 JavaThread "Stdin handler"                     [_thread_blocked, id=6128, stack(0x000000e822e00000,0x000000e822f00000) (1024K)]
  0x00000290dc572000 JavaThread "Daemon client event forwarder"        [_thread_blocked, id=17492, stack(0x000000e822f00000,0x000000e823000000) (1024K)]
  0x00000290dc573a40 JavaThread "Cache worker for journal cache (C:\Users\PC\.gradle\caches\journal-1)"        [_thread_blocked, id=16528, stack(0x000000e823000000,0x000000e823100000) (1024K)]
  0x00000290dc5740d0 JavaThread "File lock request listener"        [_thread_in_native, id=20308, stack(0x000000e823100000,0x000000e823200000) (1024K)]
  0x00000290dc574760 JavaThread "Cache worker for file hash cache (C:\Users\PC\.gradle\caches\8.13\fileHashes)"        [_thread_blocked, id=3012, stack(0x000000e823200000,0x000000e823300000) (1024K)]
  0x00000290dc574df0 JavaThread "File lock release action executor"        [_thread_blocked, id=21908, stack(0x000000e823300000,0x000000e823400000) (1024K)]
  0x00000290dc572690 JavaThread "Cache worker for file hash cache (C:\Users\PC\Blocknoti-TP-Flutter-\android\.gradle\8.13\fileHashes)"        [_thread_blocked, id=14788, stack(0x000000e823a00000,0x000000e823b00000) (1024K)]
  0x00000290dc7a1160 JavaThread "Cache worker for Build Output Cleanup Cache (C:\Users\PC\Blocknoti-TP-Flutter-\android\.gradle\buildOutputCleanup)"        [_thread_blocked, id=8284, stack(0x000000e823b00000,0x000000e823c00000) (1024K)]
  0x00000290dc79dce0 JavaThread "File watcher server"        daemon [_thread_in_native, id=23104, stack(0x000000e823900000,0x000000e823a00000) (1024K)]
  0x00000290dc7a0ad0 JavaThread "File watcher consumer"      daemon [_thread_blocked, id=17380, stack(0x000000e823c00000,0x000000e823d00000) (1024K)]
  0x00000290dc7a1e80 JavaThread "Cache worker for checksums cache (C:\Users\PC\Blocknoti-TP-Flutter-\android\.gradle\8.13\checksums)"        [_thread_blocked, id=15440, stack(0x000000e823d00000,0x000000e823e00000) (1024K)]
  0x00000290dc79ea00 JavaThread "Cache worker for file content cache (C:\Users\PC\.gradle\caches\8.13\fileContent)"        [_thread_blocked, id=18008, stack(0x000000e823e00000,0x000000e823f00000) (1024K)]
  0x00000290dc7a0440 JavaThread "Cache worker for cache directory md-supplier (C:\Users\PC\.gradle\caches\8.13\md-supplier)"        [_thread_blocked, id=13544, stack(0x000000e823f00000,0x000000e824000000) (1024K)]
  0x00000290dc7a2510 JavaThread "Cache worker for cache directory md-rule (C:\Users\PC\.gradle\caches\8.13\md-rule)"        [_thread_blocked, id=2952, stack(0x000000e824000000,0x000000e824100000) (1024K)]
  0x00000290dc7a2ba0 JavaThread "Cache worker for Build Output Cleanup Cache (C:\src\flutter\packages\flutter_tools\gradle\.gradle\buildOutputCleanup)"        [_thread_blocked, id=21476, stack(0x000000e824100000,0x000000e824200000) (1024K)]
  0x00000290dee265d0 JavaThread "C2 CompilerThread1"         daemon [_thread_blocked, id=16032, stack(0x000000e820b00000,0x000000e820c00000) (1024K)]
Total: 35

Other Threads:
  0x00000290d5ecf070 VMThread "VM Thread"                           [id=19148, stack(0x000000e821500000,0x000000e821600000) (1024K)]
  0x00000290d5ebf340 WatcherThread "VM Periodic Task Thread"        [id=9568, stack(0x000000e821400000,0x000000e821500000) (1024K)]
  0x00000290bdad6b40 WorkerThread "GC Thread#0"                     [id=17404, stack(0x000000e820f00000,0x000000e821000000) (1024K)]
  0x00000290db2ed9f0 WorkerThread "GC Thread#1"                     [id=22520, stack(0x000000e822100000,0x000000e822200000) (1024K)]
  0x00000290db1d0ca0 WorkerThread "GC Thread#2"                     [id=19320, stack(0x000000e822200000,0x000000e822300000) (1024K)]
  0x00000290dbc66450 WorkerThread "GC Thread#3"                     [id=19604, stack(0x000000e822000000,0x000000e822100000) (1024K)]
  0x00000290dbc66800 WorkerThread "GC Thread#4"                     [id=6152, stack(0x000000e822300000,0x000000e822400000) (1024K)]
  0x00000290db276620 WorkerThread "GC Thread#5"                     [id=21796, stack(0x000000e822400000,0x000000e822500000) (1024K)]
  0x00000290db2771e0 WorkerThread "GC Thread#6"                     [id=18636, stack(0x000000e822500000,0x000000e822600000) (1024K)]
  0x00000290dd9d4e10 WorkerThread "GC Thread#7"                     [id=20328, stack(0x000000e823400000,0x000000e823500000) (1024K)]
  0x00000290dd9d51c0 WorkerThread "GC Thread#8"                     [id=20592, stack(0x000000e823500000,0x000000e823600000) (1024K)]
  0x00000290dd9d6080 WorkerThread "GC Thread#9"                     [id=20824, stack(0x000000e823600000,0x000000e823700000) (1024K)]
  0x00000290bdae8960 ConcurrentGCThread "G1 Main Marker"            [id=21636, stack(0x000000e821000000,0x000000e821100000) (1024K)]
  0x00000290bdae9b20 WorkerThread "G1 Conc#0"                       [id=19172, stack(0x000000e821100000,0x000000e821200000) (1024K)]
  0x00000290dd1e8210 WorkerThread "G1 Conc#1"                       [id=20752, stack(0x000000e823700000,0x000000e823800000) (1024K)]
  0x00000290dd1e90d0 WorkerThread "G1 Conc#2"                       [id=19344, stack(0x000000e823800000,0x000000e823900000) (1024K)]
  0x00000290bdb2e6d0 ConcurrentGCThread "G1 Refine#0"               [id=22800, stack(0x000000e821200000,0x000000e821300000) (1024K)]
  0x00000290d5d8b1e0 ConcurrentGCThread "G1 Service"                [id=2396, stack(0x000000e821300000,0x000000e821400000) (1024K)]
Total: 18

Threads with active compile tasks:
C2 CompilerThread0  33163 5505       4       java.lang.String::split (242 bytes)
Total: 1

VM state: not at safepoint (normal execution)

VM Mutex/Monitor currently owned by a thread: None

Heap address: 0x0000000080000000, size: 2048 MB, Compressed Oops mode: 32-bit

CDS archive(s) mapped at: [0x0000029080000000-0x0000029080ba0000-0x0000029080ba0000), size 12189696, SharedBaseAddress: 0x0000029080000000, ArchiveRelocationMode: 1.
Compressed class space mapped at: 0x0000029081000000-0x00000290b5000000, reserved size: 872415232
Narrow klass base: 0x0000029080000000, Narrow klass shift: 0, Narrow klass range: 0x100000000

GC Precious Log:
 CardTable entry size: 512
 Card Set container configuration: InlinePtr #cards 5 size 8 Array Of Cards #cards 12 size 40 Howl #buckets 4 coarsen threshold 1843 Howl Bitmap #cards 512 size 80 coarsen threshold 460 Card regions per heap region 1 cards per card region 2048
 CPUs: 12 total, 12 available
 Memory: 7863M
 Large Page Support: Disabled
 NUMA Support: Disabled
 Compressed Oops: Enabled (32-bit)
 Heap Region Size: 1M
 Heap Min Capacity: 8M
 Heap Initial Capacity: 124M
 Heap Max Capacity: 2G
 Pre-touch: Disabled
 Parallel Workers: 10
 Concurrent Workers: 3
 Concurrent Refinement Workers: 10
 Periodic GC: Disabled

Heap:
 garbage-first heap   total 89088K, used 47294K [0x0000000080000000, 0x0000000100000000)
  region size 1024K, 14 young (14336K), 4 survivors (4096K)
 Metaspace       used 47780K, committed 49472K, reserved 917504K
  class space    used 7064K, committed 7872K, reserved 851968K

Heap Regions: E=young(eden), S=young(survivor), O=old, HS=humongous(starts), HC=humongous(continues), CS=collection set, F=free, TAMS=top-at-mark-start, PB=parsable bottom
|   0|0x0000000080000000, 0x0000000080100000, 0x0000000080100000|100%|HS|  |TAMS 0x0000000080000000| PB 0x0000000080000000| Complete 
|   1|0x0000000080100000, 0x0000000080200000, 0x0000000080200000|100%|HC|  |TAMS 0x0000000080100000| PB 0x0000000080100000| Complete 
|   2|0x0000000080200000, 0x0000000080300000, 0x0000000080300000|100%|HC|  |TAMS 0x0000000080200000| PB 0x0000000080200000| Complete 
|   3|0x0000000080300000, 0x0000000080400000, 0x0000000080400000|100%| O|  |TAMS 0x0000000080300000| PB 0x0000000080300000| Untracked 
|   4|0x0000000080400000, 0x0000000080500000, 0x0000000080500000|100%| O|  |TAMS 0x0000000080400000| PB 0x0000000080400000| Untracked 
|   5|0x0000000080500000, 0x0000000080600000, 0x0000000080600000|100%| O|  |TAMS 0x0000000080500000| PB 0x0000000080500000| Untracked 
|   6|0x0000000080600000, 0x0000000080700000, 0x0000000080700000|100%|HS|  |TAMS 0x0000000080600000| PB 0x0000000080600000| Complete 
|   7|0x0000000080700000, 0x0000000080800000, 0x0000000080800000|100%| O|  |TAMS 0x0000000080700000| PB 0x0000000080700000| Untracked 
|   8|0x0000000080800000, 0x0000000080900000, 0x0000000080900000|100%| O|  |TAMS 0x0000000080800000| PB 0x0000000080800000| Untracked 
|   9|0x0000000080900000, 0x0000000080a00000, 0x0000000080a00000|100%| O|  |TAMS 0x0000000080900000| PB 0x0000000080900000| Untracked 
|  10|0x0000000080a00000, 0x0000000080b00000, 0x0000000080b00000|100%| O|  |TAMS 0x0000000080a00000| PB 0x0000000080a00000| Untracked 
|  11|0x0000000080b00000, 0x0000000080c00000, 0x0000000080c00000|100%| O|  |TAMS 0x0000000080b00000| PB 0x0000000080b00000| Untracked 
|  12|0x0000000080c00000, 0x0000000080d00000, 0x0000000080d00000|100%| O|  |TAMS 0x0000000080c00000| PB 0x0000000080c00000| Untracked 
|  13|0x0000000080d00000, 0x0000000080e00000, 0x0000000080e00000|100%| O|  |TAMS 0x0000000080d00000| PB 0x0000000080d00000| Untracked 
|  14|0x0000000080e00000, 0x0000000080f00000, 0x0000000080f00000|100%| O|  |TAMS 0x0000000080e00000| PB 0x0000000080e00000| Untracked 
|  15|0x0000000080f00000, 0x0000000081000000, 0x0000000081000000|100%| O|  |TAMS 0x0000000080f00000| PB 0x0000000080f00000| Untracked 
|  16|0x0000000081000000, 0x0000000081100000, 0x0000000081100000|100%| O|  |TAMS 0x0000000081000000| PB 0x0000000081000000| Untracked 
|  17|0x0000000081100000, 0x0000000081200000, 0x0000000081200000|100%| O|  |TAMS 0x0000000081100000| PB 0x0000000081100000| Untracked 
|  18|0x0000000081200000, 0x0000000081300000, 0x0000000081300000|100%| O|  |TAMS 0x0000000081200000| PB 0x0000000081200000| Untracked 
|  19|0x0000000081300000, 0x0000000081400000, 0x0000000081400000|100%| O|  |TAMS 0x0000000081300000| PB 0x0000000081300000| Untracked 
|  20|0x0000000081400000, 0x0000000081500000, 0x0000000081500000|100%| O|  |TAMS 0x0000000081400000| PB 0x0000000081400000| Untracked 
|  21|0x0000000081500000, 0x0000000081600000, 0x0000000081600000|100%| O|  |TAMS 0x0000000081500000| PB 0x0000000081500000| Untracked 
|  22|0x0000000081600000, 0x0000000081700000, 0x0000000081700000|100%| O|  |TAMS 0x0000000081600000| PB 0x0000000081600000| Untracked 
|  23|0x0000000081700000, 0x0000000081800000, 0x0000000081800000|100%| O|  |TAMS 0x0000000081700000| PB 0x0000000081700000| Untracked 
|  24|0x0000000081800000, 0x0000000081900000, 0x0000000081900000|100%| O|  |TAMS 0x0000000081800000| PB 0x0000000081800000| Untracked 
|  25|0x0000000081900000, 0x0000000081a00000, 0x0000000081a00000|100%| O|  |TAMS 0x0000000081900000| PB 0x0000000081900000| Untracked 
|  26|0x0000000081a00000, 0x0000000081b00000, 0x0000000081b00000|100%| O|  |TAMS 0x0000000081a00000| PB 0x0000000081a00000| Untracked 
|  27|0x0000000081b00000, 0x0000000081c00000, 0x0000000081c00000|100%| O|  |TAMS 0x0000000081b00000| PB 0x0000000081b00000| Untracked 
|  28|0x0000000081c00000, 0x0000000081d00000, 0x0000000081d00000|100%| O|  |TAMS 0x0000000081c00000| PB 0x0000000081c00000| Untracked 
|  29|0x0000000081d00000, 0x0000000081e00000, 0x0000000081e00000|100%| O|  |TAMS 0x0000000081d00000| PB 0x0000000081d00000| Untracked 
|  30|0x0000000081e00000, 0x0000000081f00000, 0x0000000081f00000|100%| O|  |TAMS 0x0000000081e00000| PB 0x0000000081e00000| Untracked 
|  31|0x0000000081f00000, 0x0000000082000000, 0x0000000082000000|100%| O|  |TAMS 0x0000000081f00000| PB 0x0000000081f00000| Untracked 
|  32|0x0000000082000000, 0x0000000082100000, 0x0000000082100000|100%| O|  |TAMS 0x0000000082000000| PB 0x0000000082000000| Untracked 
|  33|0x0000000082100000, 0x000000008214f178, 0x0000000082200000| 30%| O|  |TAMS 0x0000000082100000| PB 0x0000000082100000| Untracked 
|  34|0x0000000082200000, 0x0000000082200000, 0x0000000082300000|  0%| F|  |TAMS 0x0000000082200000| PB 0x0000000082200000| Untracked 
|  35|0x0000000082300000, 0x0000000082300000, 0x0000000082400000|  0%| F|  |TAMS 0x0000000082300000| PB 0x0000000082300000| Untracked 
|  36|0x0000000082400000, 0x00000000824e09e8, 0x0000000082500000| 87%| S|CS|TAMS 0x0000000082400000| PB 0x0000000082400000| Complete 
|  37|0x0000000082500000, 0x0000000082600000, 0x0000000082600000|100%| S|CS|TAMS 0x0000000082500000| PB 0x0000000082500000| Complete 
|  38|0x0000000082600000, 0x0000000082700000, 0x0000000082700000|100%| S|CS|TAMS 0x0000000082600000| PB 0x0000000082600000| Complete 
|  39|0x0000000082700000, 0x0000000082800000, 0x0000000082800000|100%| S|CS|TAMS 0x0000000082700000| PB 0x0000000082700000| Complete 
|  40|0x0000000082800000, 0x0000000082800000, 0x0000000082900000|  0%| F|  |TAMS 0x0000000082800000| PB 0x0000000082800000| Untracked 
|  41|0x0000000082900000, 0x0000000082900000, 0x0000000082a00000|  0%| F|  |TAMS 0x0000000082900000| PB 0x0000000082900000| Untracked 
|  42|0x0000000082a00000, 0x0000000082a00000, 0x0000000082b00000|  0%| F|  |TAMS 0x0000000082a00000| PB 0x0000000082a00000| Untracked 
|  43|0x0000000082b00000, 0x0000000082b00000, 0x0000000082c00000|  0%| F|  |TAMS 0x0000000082b00000| PB 0x0000000082b00000| Untracked 
|  44|0x0000000082c00000, 0x0000000082c00000, 0x0000000082d00000|  0%| F|  |TAMS 0x0000000082c00000| PB 0x0000000082c00000| Untracked 
|  45|0x0000000082d00000, 0x0000000082d00000, 0x0000000082e00000|  0%| F|  |TAMS 0x0000000082d00000| PB 0x0000000082d00000| Untracked 
|  46|0x0000000082e00000, 0x0000000082e00000, 0x0000000082f00000|  0%| F|  |TAMS 0x0000000082e00000| PB 0x0000000082e00000| Untracked 
|  47|0x0000000082f00000, 0x0000000082f00000, 0x0000000083000000|  0%| F|  |TAMS 0x0000000082f00000| PB 0x0000000082f00000| Untracked 
|  48|0x0000000083000000, 0x0000000083000000, 0x0000000083100000|  0%| F|  |TAMS 0x0000000083000000| PB 0x0000000083000000| Untracked 
|  49|0x0000000083100000, 0x0000000083100000, 0x0000000083200000|  0%| F|  |TAMS 0x0000000083100000| PB 0x0000000083100000| Untracked 
|  50|0x0000000083200000, 0x0000000083200000, 0x0000000083300000|  0%| F|  |TAMS 0x0000000083200000| PB 0x0000000083200000| Untracked 
|  51|0x0000000083300000, 0x0000000083300000, 0x0000000083400000|  0%| F|  |TAMS 0x0000000083300000| PB 0x0000000083300000| Untracked 
|  52|0x0000000083400000, 0x0000000083400000, 0x0000000083500000|  0%| F|  |TAMS 0x0000000083400000| PB 0x0000000083400000| Untracked 
|  53|0x0000000083500000, 0x0000000083500000, 0x0000000083600000|  0%| F|  |TAMS 0x0000000083500000| PB 0x0000000083500000| Untracked 
|  54|0x0000000083600000, 0x0000000083600000, 0x0000000083700000|  0%| F|  |TAMS 0x0000000083600000| PB 0x0000000083600000| Untracked 
|  55|0x0000000083700000, 0x0000000083700000, 0x0000000083800000|  0%| F|  |TAMS 0x0000000083700000| PB 0x0000000083700000| Untracked 
|  56|0x0000000083800000, 0x0000000083800000, 0x0000000083900000|  0%| F|  |TAMS 0x0000000083800000| PB 0x0000000083800000| Untracked 
|  57|0x0000000083900000, 0x0000000083900000, 0x0000000083a00000|  0%| F|  |TAMS 0x0000000083900000| PB 0x0000000083900000| Untracked 
|  58|0x0000000083a00000, 0x0000000083a00000, 0x0000000083b00000|  0%| F|  |TAMS 0x0000000083a00000| PB 0x0000000083a00000| Untracked 
|  59|0x0000000083b00000, 0x0000000083b00000, 0x0000000083c00000|  0%| F|  |TAMS 0x0000000083b00000| PB 0x0000000083b00000| Untracked 
|  60|0x0000000083c00000, 0x0000000083c00000, 0x0000000083d00000|  0%| F|  |TAMS 0x0000000083c00000| PB 0x0000000083c00000| Untracked 
|  61|0x0000000083d00000, 0x0000000083d00000, 0x0000000083e00000|  0%| F|  |TAMS 0x0000000083d00000| PB 0x0000000083d00000| Untracked 
|  62|0x0000000083e00000, 0x0000000083e00000, 0x0000000083f00000|  0%| F|  |TAMS 0x0000000083e00000| PB 0x0000000083e00000| Untracked 
|  63|0x0000000083f00000, 0x0000000083f00000, 0x0000000084000000|  0%| F|  |TAMS 0x0000000083f00000| PB 0x0000000083f00000| Untracked 
|  64|0x0000000084000000, 0x0000000084000000, 0x0000000084100000|  0%| F|  |TAMS 0x0000000084000000| PB 0x0000000084000000| Untracked 
|  65|0x0000000084100000, 0x0000000084100000, 0x0000000084200000|  0%| F|  |TAMS 0x0000000084100000| PB 0x0000000084100000| Untracked 
|  66|0x0000000084200000, 0x0000000084200000, 0x0000000084300000|  0%| F|  |TAMS 0x0000000084200000| PB 0x0000000084200000| Untracked 
|  67|0x0000000084300000, 0x0000000084300000, 0x0000000084400000|  0%| F|  |TAMS 0x0000000084300000| PB 0x0000000084300000| Untracked 
|  68|0x0000000084400000, 0x0000000084400000, 0x0000000084500000|  0%| F|  |TAMS 0x0000000084400000| PB 0x0000000084400000| Untracked 
|  69|0x0000000084500000, 0x0000000084500000, 0x0000000084600000|  0%| F|  |TAMS 0x0000000084500000| PB 0x0000000084500000| Untracked 
|  70|0x0000000084600000, 0x0000000084600000, 0x0000000084700000|  0%| F|  |TAMS 0x0000000084600000| PB 0x0000000084600000| Untracked 
|  71|0x0000000084700000, 0x0000000084700000, 0x0000000084800000|  0%| F|  |TAMS 0x0000000084700000| PB 0x0000000084700000| Untracked 
|  72|0x0000000084800000, 0x0000000084800000, 0x0000000084900000|  0%| F|  |TAMS 0x0000000084800000| PB 0x0000000084800000| Untracked 
|  73|0x0000000084900000, 0x0000000084900000, 0x0000000084a00000|  0%| F|  |TAMS 0x0000000084900000| PB 0x0000000084900000| Untracked 
|  74|0x0000000084a00000, 0x0000000084a00000, 0x0000000084b00000|  0%| F|  |TAMS 0x0000000084a00000| PB 0x0000000084a00000| Untracked 
|  75|0x0000000084b00000, 0x0000000084b00000, 0x0000000084c00000|  0%| F|  |TAMS 0x0000000084b00000| PB 0x0000000084b00000| Untracked 
|  76|0x0000000084c00000, 0x0000000084c00000, 0x0000000084d00000|  0%| F|  |TAMS 0x0000000084c00000| PB 0x0000000084c00000| Untracked 
|  77|0x0000000084d00000, 0x0000000084d85ce8, 0x0000000084e00000| 52%| E|  |TAMS 0x0000000084d00000| PB 0x0000000084d00000| Complete 
|  78|0x0000000084e00000, 0x0000000084f00000, 0x0000000084f00000|100%| E|CS|TAMS 0x0000000084e00000| PB 0x0000000084e00000| Complete 
|  79|0x0000000084f00000, 0x0000000085000000, 0x0000000085000000|100%| E|CS|TAMS 0x0000000084f00000| PB 0x0000000084f00000| Complete 
|  80|0x0000000085000000, 0x0000000085100000, 0x0000000085100000|100%| E|CS|TAMS 0x0000000085000000| PB 0x0000000085000000| Complete 
|  81|0x0000000085100000, 0x0000000085200000, 0x0000000085200000|100%| E|CS|TAMS 0x0000000085100000| PB 0x0000000085100000| Complete 
|  82|0x0000000085200000, 0x0000000085300000, 0x0000000085300000|100%| E|CS|TAMS 0x0000000085200000| PB 0x0000000085200000| Complete 
| 101|0x0000000086500000, 0x0000000086600000, 0x0000000086600000|100%| E|CS|TAMS 0x0000000086500000| PB 0x0000000086500000| Complete 
| 102|0x0000000086600000, 0x0000000086700000, 0x0000000086700000|100%| E|CS|TAMS 0x0000000086600000| PB 0x0000000086600000| Complete 
| 103|0x0000000086700000, 0x0000000086800000, 0x0000000086800000|100%| E|CS|TAMS 0x0000000086700000| PB 0x0000000086700000| Complete 
| 123|0x0000000087b00000, 0x0000000087c00000, 0x0000000087c00000|100%| E|CS|TAMS 0x0000000087b00000| PB 0x0000000087b00000| Complete 

Card table byte_map: [0x00000290d15c0000,0x00000290d19c0000] _byte_map_base: 0x00000290d11c0000

Marking Bits: (CMBitMap*) 0x00000290bdad7160
 Bits: [0x00000290d19c0000, 0x00000290d39c0000)

Polling page: 0x00000290bb840000

Metaspace:

Usage:
  Non-class:     39.77 MB used.
      Class:      6.90 MB used.
       Both:     46.67 MB used.

Virtual space:
  Non-class space:       64.00 MB reserved,      40.62 MB ( 63%) committed,  1 nodes.
      Class space:      832.00 MB reserved,       7.69 MB ( <1%) committed,  1 nodes.
             Both:      896.00 MB reserved,      48.31 MB (  5%) committed. 

Chunk freelists:
   Non-Class:  7.20 MB
       Class:  8.29 MB
        Both:  15.49 MB

MaxMetaspaceSize: 1.00 GB
CompressedClassSpaceSize: 832.00 MB
Initial GC threshold: 21.00 MB
Current GC threshold: 58.69 MB
CDS: on
 - commit_granule_bytes: 65536.
 - commit_granule_words: 8192.
 - virtual_space_node_default_size: 8388608.
 - enlarge_chunks_in_place: 1.
 - use_allocation_guard: 0.


Internal statistics:

num_allocs_failed_limit: 6.
num_arena_births: 3050.
num_arena_deaths: 0.
num_vsnodes_births: 2.
num_vsnodes_deaths: 0.
num_space_committed: 773.
num_space_uncommitted: 0.
num_chunks_returned_to_freelist: 6.
num_chunks_taken_from_freelist: 5419.
num_chunk_merges: 6.
num_chunk_splits: 3474.
num_chunks_enlarged: 2076.
num_inconsistent_stats: 0.

CodeHeap 'non-profiled nmethods': size=128192Kb used=2873Kb max_used=2873Kb free=125318Kb
 bounds [0x00000290c8f40000, 0x00000290c9210000, 0x00000290d0c70000]
CodeHeap 'profiled nmethods': size=128192Kb used=9656Kb max_used=9656Kb free=118535Kb
 bounds [0x00000290c0c70000, 0x00000290c15e0000, 0x00000290c89a0000]
CodeHeap 'non-nmethods': size=5760Kb used=1867Kb max_used=1890Kb free=3892Kb
 bounds [0x00000290c89a0000, 0x00000290c8c10000, 0x00000290c8f40000]
CodeCache: size=262144Kb, used=14396Kb, max_used=14419Kb, free=247745Kb
 total_blobs=5773, nmethods=5036, adapters=641, full_count=0
Compilation: enabled, stopped_count=0, restarted_count=0

Compilation events (20 events):
Event: 31.052 Thread 0x00000290d66bb8c0 5544       3       org.gradle.internal.component.external.model.DefaultImmutableCapability::<init> (58 bytes)
Event: 31.054 Thread 0x00000290d66bb8c0 nmethod 5544 0x00000290c15cbf90 code [0x00000290c15cc220, 0x00000290c15ccb88]
Event: 31.054 Thread 0x00000290d66bb8c0 5545       3       org.gradle.internal.component.external.model.DefaultImmutableCapability::computeHashcode (33 bytes)
Event: 31.054 Thread 0x00000290d66bb8c0 nmethod 5545 0x00000290c15ccf90 code [0x00000290c15cd160, 0x00000290c15cd3e8]
Event: 31.058 Thread 0x00000290d66bb8c0 5546       3       org.gradle.api.internal.attributes.DefaultImmutableAttributesContainer::keySet (8 bytes)
Event: 31.058 Thread 0x00000290d66bb8c0 nmethod 5546 0x00000290c15cd590 code [0x00000290c15cd740, 0x00000290c15cd918]
Event: 31.058 Thread 0x00000290d66bb8c0 5548       3       org.gradle.internal.component.external.model.LazyVariantBackedConfigurationMetadata$RuleAwareVariant::getDependencies (10 bytes)
Event: 31.058 Thread 0x00000290d66bb8c0 nmethod 5548 0x00000290c15cda10 code [0x00000290c15cdbc0, 0x00000290c15cdd98]
Event: 31.058 Thread 0x00000290d66bb8c0 5547       3       com.google.common.collect.SingletonImmutableBiMap::get (20 bytes)
Event: 31.059 Thread 0x00000290d66bb8c0 nmethod 5547 0x00000290c15cde90 code [0x00000290c15ce040, 0x00000290c15ce298]
Event: 31.061 Thread 0x00000290d66bb8c0 5549       3       org.gradle.internal.Describables::of (21 bytes)
Event: 31.062 Thread 0x00000290d66bb8c0 nmethod 5549 0x00000290c15ce390 code [0x00000290c15ce580, 0x00000290c15ceb10]
Event: 31.063 Thread 0x00000290d66bb8c0 5550       3       com.google.common.collect.SingletonImmutableSet::hashCode (8 bytes)
Event: 31.063 Thread 0x00000290d66bb8c0 nmethod 5550 0x00000290c15cec90 code [0x00000290c15cee40, 0x00000290c15cf018]
Event: 31.063 Thread 0x00000290d66bb8c0 5552       3       com.google.common.collect.SingletonImmutableSet::iterator (5 bytes)
Event: 31.063 Thread 0x00000290d66bb8c0 nmethod 5552 0x00000290c15cf110 code [0x00000290c15cf2e0, 0x00000290c15cf680]
Event: 31.064 Thread 0x00000290d66bb8c0 5551       3       org.gradle.internal.component.external.model.LazyVariantBackedConfigurationMetadata$RuleAwareVariant::getCapabilities (36 bytes)
Event: 31.064 Thread 0x00000290d66bb8c0 nmethod 5551 0x00000290c15cf810 code [0x00000290c15cf9e0, 0x00000290c15cfd20]
Event: 31.067 Thread 0x00000290d66bb8c0 5555       3       org.gradle.internal.component.model.GraphVariantSelector::containsImplicitCapability (149 bytes)
Event: 33.052 Thread 0x00000290d66bb8c0 nmethod 5555 0x00000290c15cfe90 code [0x00000290c15d01c0, 0x00000290c15d16a0]

GC Heap History (20 events):
Event: 3.522 GC heap before
{Heap before GC invocations=1 (full 0):
 garbage-first heap   total 126976K, used 40416K [0x0000000080000000, 0x0000000100000000)
  region size 1024K, 38 young (38912K), 3 survivors (3072K)
 Metaspace       used 4415K, committed 4544K, reserved 917504K
  class space    used 560K, committed 640K, reserved 851968K
}
Event: 3.538 GC heap after
{Heap after GC invocations=2 (full 0):
 garbage-first heap   total 126976K, used 10885K [0x0000000080000000, 0x0000000100000000)
  region size 1024K, 5 young (5120K), 5 survivors (5120K)
 Metaspace       used 4415K, committed 4544K, reserved 917504K
  class space    used 560K, committed 640K, reserved 851968K
}
Event: 6.516 GC heap before
{Heap before GC invocations=2 (full 0):
 garbage-first heap   total 126976K, used 59013K [0x0000000080000000, 0x0000000100000000)
  region size 1024K, 50 young (51200K), 5 survivors (5120K)
 Metaspace       used 5692K, committed 5952K, reserved 917504K
  class space    used 776K, committed 896K, reserved 851968K
}
Event: 6.544 GC heap after
{Heap after GC invocations=3 (full 0):
 garbage-first heap   total 126976K, used 17314K [0x0000000080000000, 0x0000000100000000)
  region size 1024K, 5 young (5120K), 5 survivors (5120K)
 Metaspace       used 5692K, committed 5952K, reserved 917504K
  class space    used 776K, committed 896K, reserved 851968K
}
Event: 13.676 GC heap before
{Heap before GC invocations=3 (full 0):
 garbage-first heap   total 126976K, used 86946K [0x0000000080000000, 0x0000000100000000)
  region size 1024K, 74 young (75776K), 5 survivors (5120K)
 Metaspace       used 18389K, committed 19008K, reserved 917504K
  class space    used 2662K, committed 2944K, reserved 851968K
}
Event: 13.696 GC heap after
{Heap after GC invocations=4 (full 0):
 garbage-first heap   total 126976K, used 22707K [0x0000000080000000, 0x0000000100000000)
  region size 1024K, 10 young (10240K), 10 survivors (10240K)
 Metaspace       used 18389K, committed 19008K, reserved 917504K
  class space    used 2662K, committed 2944K, reserved 851968K
}
Event: 15.662 GC heap before
{Heap before GC invocations=4 (full 0):
 garbage-first heap   total 126976K, used 41139K [0x0000000080000000, 0x0000000100000000)
  region size 1024K, 30 young (30720K), 10 survivors (10240K)
 Metaspace       used 20811K, committed 21504K, reserved 917504K
  class space    used 3076K, committed 3392K, reserved 851968K
}
Event: 15.685 GC heap after
{Heap after GC invocations=5 (full 0):
 garbage-first heap   total 126976K, used 25142K [0x0000000080000000, 0x0000000100000000)
  region size 1024K, 3 young (3072K), 3 survivors (3072K)
 Metaspace       used 20811K, committed 21504K, reserved 917504K
  class space    used 3076K, committed 3392K, reserved 851968K
}
Event: 18.718 GC heap before
{Heap before GC invocations=6 (full 0):
 garbage-first heap   total 89088K, used 75318K [0x0000000080000000, 0x0000000100000000)
  region size 1024K, 52 young (53248K), 3 survivors (3072K)
 Metaspace       used 27778K, committed 28736K, reserved 917504K
  class space    used 4163K, committed 4608K, reserved 851968K
}
Event: 18.732 GC heap after
{Heap after GC invocations=7 (full 0):
 garbage-first heap   total 89088K, used 27534K [0x0000000080000000, 0x0000000100000000)
  region size 1024K, 5 young (5120K), 5 survivors (5120K)
 Metaspace       used 27778K, committed 28736K, reserved 917504K
  class space    used 4163K, committed 4608K, reserved 851968K
}
Event: 20.634 GC heap before
{Heap before GC invocations=7 (full 0):
 garbage-first heap   total 89088K, used 75662K [0x0000000080000000, 0x0000000100000000)
  region size 1024K, 51 young (52224K), 5 survivors (5120K)
 Metaspace       used 34122K, committed 35200K, reserved 917504K
  class space    used 4789K, committed 5312K, reserved 851968K
}
Event: 20.645 GC heap after
{Heap after GC invocations=8 (full 0):
 garbage-first heap   total 89088K, used 31694K [0x0000000080000000, 0x0000000100000000)
  region size 1024K, 7 young (7168K), 7 survivors (7168K)
 Metaspace       used 34122K, committed 35200K, reserved 917504K
  class space    used 4789K, committed 5312K, reserved 851968K
}
Event: 21.441 GC heap before
{Heap before GC invocations=8 (full 0):
 garbage-first heap   total 89088K, used 60366K [0x0000000080000000, 0x0000000100000000)
  region size 1024K, 36 young (36864K), 7 survivors (7168K)
 Metaspace       used 34907K, committed 35968K, reserved 917504K
  class space    used 4922K, committed 5440K, reserved 851968K
}
Event: 21.452 GC heap after
{Heap after GC invocations=9 (full 0):
 garbage-first heap   total 89088K, used 32692K [0x0000000080000000, 0x0000000100000000)
  region size 1024K, 5 young (5120K), 5 survivors (5120K)
 Metaspace       used 34907K, committed 35968K, reserved 917504K
  class space    used 4922K, committed 5440K, reserved 851968K
}
Event: 23.769 GC heap before
{Heap before GC invocations=10 (full 0):
 garbage-first heap   total 89088K, used 77748K [0x0000000080000000, 0x0000000100000000)
  region size 1024K, 49 young (50176K), 5 survivors (5120K)
 Metaspace       used 39886K, committed 41408K, reserved 917504K
  class space    used 5788K, committed 6528K, reserved 851968K
}
Event: 23.781 GC heap after
{Heap after GC invocations=11 (full 0):
 garbage-first heap   total 89088K, used 34825K [0x0000000080000000, 0x0000000100000000)
  region size 1024K, 4 young (4096K), 4 survivors (4096K)
 Metaspace       used 39886K, committed 41408K, reserved 917504K
  class space    used 5788K, committed 6528K, reserved 851968K
}
Event: 26.059 GC heap before
{Heap before GC invocations=11 (full 0):
 garbage-first heap   total 89088K, used 77833K [0x0000000080000000, 0x0000000100000000)
  region size 1024K, 46 young (47104K), 4 survivors (4096K)
 Metaspace       used 42485K, committed 44096K, reserved 917504K
  class space    used 6206K, committed 6976K, reserved 851968K
}
Event: 26.067 GC heap after
{Heap after GC invocations=12 (full 0):
 garbage-first heap   total 89088K, used 36216K [0x0000000080000000, 0x0000000100000000)
  region size 1024K, 5 young (5120K), 5 survivors (5120K)
 Metaspace       used 42485K, committed 44096K, reserved 917504K
  class space    used 6206K, committed 6976K, reserved 851968K
}
Event: 29.298 GC heap before
{Heap before GC invocations=12 (full 0):
 garbage-first heap   total 89088K, used 79224K [0x0000000080000000, 0x0000000100000000)
  region size 1024K, 47 young (48128K), 5 survivors (5120K)
 Metaspace       used 46960K, committed 48576K, reserved 917504K
  class space    used 6939K, committed 7744K, reserved 851968K
}
Event: 29.310 GC heap after
{Heap after GC invocations=13 (full 0):
 garbage-first heap   total 89088K, used 38078K [0x0000000080000000, 0x0000000100000000)
  region size 1024K, 4 young (4096K), 4 survivors (4096K)
 Metaspace       used 46960K, committed 48576K, reserved 917504K
  class space    used 6939K, committed 7744K, reserved 851968K
}

Dll operation events (14 events):
Event: 0.039 Loaded shared library C:\Users\PC\.antigravity\extensions\redhat.java-1.54.0-win32-x64\jre\21.0.10-win32-x86_64\bin\java.dll
Event: 0.172 Loaded shared library C:\Users\PC\.antigravity\extensions\redhat.java-1.54.0-win32-x64\jre\21.0.10-win32-x86_64\bin\zip.dll
Event: 0.215 Loaded shared library C:\Users\PC\.antigravity\extensions\redhat.java-1.54.0-win32-x64\jre\21.0.10-win32-x86_64\bin\instrument.dll
Event: 0.226 Loaded shared library C:\Users\PC\.antigravity\extensions\redhat.java-1.54.0-win32-x64\jre\21.0.10-win32-x86_64\bin\net.dll
Event: 0.231 Loaded shared library C:\Users\PC\.antigravity\extensions\redhat.java-1.54.0-win32-x64\jre\21.0.10-win32-x86_64\bin\nio.dll
Event: 0.238 Loaded shared library C:\Users\PC\.antigravity\extensions\redhat.java-1.54.0-win32-x64\jre\21.0.10-win32-x86_64\bin\zip.dll
Event: 0.700 Loaded shared library C:\Users\PC\.antigravity\extensions\redhat.java-1.54.0-win32-x64\jre\21.0.10-win32-x86_64\bin\jimage.dll
Event: 1.130 Loaded shared library C:\Users\PC\.antigravity\extensions\redhat.java-1.54.0-win32-x64\jre\21.0.10-win32-x86_64\bin\verify.dll
Event: 1.487 Loaded shared library C:\Users\PC\.gradle\native\1def1411415f61bf3af743bc5b6707747c0891f09f0c88961ee8f79bc544acac\windows-amd64\native-platform.dll
Event: 1.526 Loaded shared library C:\Users\PC\.gradle\native\0.2.7\x86_64-windows-gnu\gradle-fileevents.dll
Event: 6.788 Loaded shared library C:\Users\PC\.antigravity\extensions\redhat.java-1.54.0-win32-x64\jre\21.0.10-win32-x86_64\bin\management.dll
Event: 6.802 Loaded shared library C:\Users\PC\.antigravity\extensions\redhat.java-1.54.0-win32-x64\jre\21.0.10-win32-x86_64\bin\management_ext.dll
Event: 7.402 Loaded shared library C:\Users\PC\.antigravity\extensions\redhat.java-1.54.0-win32-x64\jre\21.0.10-win32-x86_64\bin\extnet.dll
Event: 8.931 Loaded shared library C:\Users\PC\.antigravity\extensions\redhat.java-1.54.0-win32-x64\jre\21.0.10-win32-x86_64\bin\sunmscapi.dll

Deoptimization events (20 events):
Event: 29.749 Thread 0x00000290dc53a6c0 Uncommon trap: trap_request=0xffffff54 fr.pc=0x00000290c91f363c relative=0x000000000000009c
Event: 29.749 Thread 0x00000290dc53a6c0 Uncommon trap: reason=speculate_null_assert action=make_not_entrant pc=0x00000290c91f363c method=java.lang.invoke.LambdaFormEditor.getInCache(Ljava/lang/invoke/LambdaFormEditor$TransformKey;)Ljava/lang/invoke/LambdaForm; @ 37 c2
Event: 29.749 Thread 0x00000290dc53a6c0 DEOPT PACKING pc=0x00000290c91f363c sp=0x000000e822cf5290
Event: 29.749 Thread 0x00000290dc53a6c0 DEOPT UNPACKING pc=0x00000290c89f4422 sp=0x000000e822cf51f0 mode 2
Event: 29.765 Thread 0x00000290dc53a6c0 Uncommon trap: trap_request=0xffffffde fr.pc=0x00000290c9140268 relative=0x0000000000000e88
Event: 29.765 Thread 0x00000290dc53a6c0 Uncommon trap: reason=class_check action=maybe_recompile pc=0x00000290c9140268 method=java.util.concurrent.ConcurrentHashMap.computeIfAbsent(Ljava/lang/Object;Ljava/util/function/Function;)Ljava/lang/Object; @ 241 c2
Event: 29.765 Thread 0x00000290dc53a6c0 DEOPT PACKING pc=0x00000290c9140268 sp=0x000000e822cf46b0
Event: 29.765 Thread 0x00000290dc53a6c0 DEOPT UNPACKING pc=0x00000290c89f4422 sp=0x000000e822cf4638 mode 2
Event: 29.765 Thread 0x00000290dc53a6c0 Uncommon trap: trap_request=0xffffffde fr.pc=0x00000290c9140268 relative=0x0000000000000e88
Event: 29.765 Thread 0x00000290dc53a6c0 Uncommon trap: reason=class_check action=maybe_recompile pc=0x00000290c9140268 method=java.util.concurrent.ConcurrentHashMap.computeIfAbsent(Ljava/lang/Object;Ljava/util/function/Function;)Ljava/lang/Object; @ 241 c2
Event: 29.765 Thread 0x00000290dc53a6c0 DEOPT PACKING pc=0x00000290c9140268 sp=0x000000e822cf46a0
Event: 29.765 Thread 0x00000290dc53a6c0 DEOPT UNPACKING pc=0x00000290c89f4422 sp=0x000000e822cf4628 mode 2
Event: 29.765 Thread 0x00000290dc53a6c0 Uncommon trap: trap_request=0xffffffde fr.pc=0x00000290c9140268 relative=0x0000000000000e88
Event: 29.768 Thread 0x00000290dc53a6c0 Uncommon trap: reason=class_check action=maybe_recompile pc=0x00000290c9140268 method=java.util.concurrent.ConcurrentHashMap.computeIfAbsent(Ljava/lang/Object;Ljava/util/function/Function;)Ljava/lang/Object; @ 241 c2
Event: 29.768 Thread 0x00000290dc53a6c0 DEOPT PACKING pc=0x00000290c9140268 sp=0x000000e822cf4690
Event: 29.768 Thread 0x00000290dc53a6c0 DEOPT UNPACKING pc=0x00000290c89f4422 sp=0x000000e822cf4618 mode 2
Event: 29.768 Thread 0x00000290dc53a6c0 Uncommon trap: trap_request=0xffffffde fr.pc=0x00000290c9140268 relative=0x0000000000000e88
Event: 29.768 Thread 0x00000290dc53a6c0 Uncommon trap: reason=class_check action=maybe_recompile pc=0x00000290c9140268 method=java.util.concurrent.ConcurrentHashMap.computeIfAbsent(Ljava/lang/Object;Ljava/util/function/Function;)Ljava/lang/Object; @ 241 c2
Event: 29.768 Thread 0x00000290dc53a6c0 DEOPT PACKING pc=0x00000290c9140268 sp=0x000000e822cf4690
Event: 29.768 Thread 0x00000290dc53a6c0 DEOPT UNPACKING pc=0x00000290c89f4422 sp=0x000000e822cf4618 mode 2

Classes loaded (20 events):
Event: 27.074 Loading class javax/net/ssl/X509TrustManager
Event: 27.074 Loading class javax/net/ssl/X509TrustManager done
Event: 27.088 Loading class javax/net/ssl/SSLException
Event: 27.088 Loading class javax/net/ssl/SSLException done
Event: 27.088 Loading class java/security/cert/CertificateParsingException
Event: 27.089 Loading class java/security/cert/CertificateException
Event: 27.089 Loading class java/security/cert/CertificateException done
Event: 27.089 Loading class java/security/cert/CertificateParsingException done
Event: 27.090 Loading class javax/net/ssl/SSLPeerUnverifiedException
Event: 27.090 Loading class javax/net/ssl/SSLPeerUnverifiedException done
Event: 27.090 Loading class javax/naming/NamingException
Event: 27.091 Loading class javax/naming/NamingException done
Event: 27.091 Loading class javax/naming/InvalidNameException
Event: 27.092 Loading class javax/naming/InvalidNameException done
Event: 28.290 Loading class java/io/DeleteOnExitHook
Event: 28.291 Loading class java/io/DeleteOnExitHook done
Event: 28.291 Loading class java/io/DeleteOnExitHook$1
Event: 28.291 Loading class java/io/DeleteOnExitHook$1 done
Event: 29.276 Loading class java/util/function/IntBinaryOperator
Event: 29.276 Loading class java/util/function/IntBinaryOperator done

Classes unloaded (0 events):
No events

Classes redefined (0 events):
No events

Internal exceptions (20 events):
Event: 23.907 Thread 0x00000290dc53a6c0 Implicit null exception at 0x00000290c914fafc to 0x00000290c914fbb4
Event: 24.361 Thread 0x00000290dc53a6c0 Exception <a 'java/lang/NoSuchMethodError'{0x0000000084b95bf8}: 'java.lang.Object java.lang.invoke.DirectMethodHandle$Holder.newInvokeSpecial(java.lang.Object, java.lang.Object, java.lang.Object, java.lang.Object, java.lang.Object, java.lang.Object, java.lang.Object, java.lang.Object, java.lang.Object, java.lang.Object, java.lang.Object, java.lang.Object, java.lang.Object, java.lang.Object, java.lang.Object, java.lang.Object, java.lang.Object, java.lang.Object, java.lang.Object)'> (0x0000000084b95bf8) 
thr
Event: 24.362 Thread 0x00000290dc53a6c0 Exception <a 'java/lang/NoSuchMethodError'{0x0000000084b9c8b0}: 'java.lang.Object java.lang.invoke.DirectMethodHandle$Holder.invokeSpecial(java.lang.Object, java.lang.Object, java.lang.Object, java.lang.Object, java.lang.Object, java.lang.Object, java.lang.Object, java.lang.Object, java.lang.Object, java.lang.Object, java.lang.Object, java.lang.Object, java.lang.Object, java.lang.Object, java.lang.Object, java.lang.Object, java.lang.Object, java.lang.Object, java.lang.Object, java.lang.Object)'> (0x0000000
Event: 24.362 Thread 0x00000290dc53a6c0 Exception <a 'java/lang/NoSuchMethodError'{0x0000000084ba2138}: 'java.lang.Object java.lang.invoke.DelegatingMethodHandle$Holder.reinvoke_L(java.lang.Object, java.lang.Object, java.lang.Object, java.lang.Object, java.lang.Object, java.lang.Object, java.lang.Object, java.lang.Object, java.lang.Object, java.lang.Object, java.lang.Object, java.lang.Object, java.lang.Object, java.lang.Object, java.lang.Object, java.lang.Object, java.lang.Object, java.lang.Object, java.lang.Object)'> (0x0000000084ba2138) 
throw
Event: 24.417 Thread 0x00000290dc53a6c0 Exception <a 'java/lang/IncompatibleClassChangeError'{0x0000000084aa1410}: Found class java.lang.Object, but interface was expected> (0x0000000084aa1410) 
thrown [s\src\hotspot\share\interpreter\linkResolver.cpp, line 840]
Event: 24.600 Thread 0x00000290dc53a6c0 Exception <a 'sun/nio/fs/WindowsException'{0x000000008472a5a0}> (0x000000008472a5a0) 
thrown [s\src\hotspot\share\prims\jni.cpp, line 520]
Event: 24.602 Thread 0x00000290dc53a6c0 Exception <a 'sun/nio/fs/WindowsException'{0x000000008472c268}> (0x000000008472c268) 
thrown [s\src\hotspot\share\prims\jni.cpp, line 520]
Event: 24.602 Thread 0x00000290dc53a6c0 Exception <a 'sun/nio/fs/WindowsException'{0x000000008472df20}> (0x000000008472df20) 
thrown [s\src\hotspot\share\prims\jni.cpp, line 520]
Event: 24.603 Thread 0x00000290dc53a6c0 Exception <a 'sun/nio/fs/WindowsException'{0x000000008472fbb0}> (0x000000008472fbb0) 
thrown [s\src\hotspot\share\prims\jni.cpp, line 520]
Event: 26.775 Thread 0x00000290dc53a6c0 Exception <a 'java/lang/NoSuchMethodError'{0x0000000084b99b50}: 'long java.lang.invoke.DirectMethodHandle$Holder.invokeStatic(java.lang.Object, long)'> (0x0000000084b99b50) 
thrown [s\src\hotspot\share\interpreter\linkResolver.cpp, line 773]
Event: 27.025 Thread 0x00000290dc53a6c0 Exception <a 'java/lang/NoSuchMethodError'{0x0000000084646698}: 'java.lang.Object java.lang.invoke.DirectMethodHandle$Holder.invokeVirtual(java.lang.Object, java.lang.Object, java.lang.Object, java.lang.Object, java.lang.Object, java.lang.Object, java.lang.Object, java.lang.Object, java.lang.Object, java.lang.Object, java.lang.Object, java.lang.Object, java.lang.Object, java.lang.Object, java.lang.Object, java.lang.Object, java.lang.Object)'> (0x0000000084646698) 
thrown [s\src\hotspot\share\interpreter\li
Event: 27.027 Thread 0x00000290dc53a6c0 Exception <a 'java/lang/NoSuchMethodError'{0x000000008464cde8}: 'java.lang.Object java.lang.invoke.DirectMethodHandle$Holder.invokeSpecial(java.lang.Object, java.lang.Object, java.lang.Object, java.lang.Object, java.lang.Object, java.lang.Object, java.lang.Object, java.lang.Object, java.lang.Object, java.lang.Object, java.lang.Object, java.lang.Object, java.lang.Object, java.lang.Object, java.lang.Object, java.lang.Object, java.lang.Object, java.lang.Object)'> (0x000000008464cde8) 
thrown [s\src\hotspot\sh
Event: 27.028 Thread 0x00000290dc53a6c0 Exception <a 'java/lang/NoSuchMethodError'{0x0000000084652bc0}: 'java.lang.Object java.lang.invoke.DelegatingMethodHandle$Holder.reinvoke_L(java.lang.Object, java.lang.Object, java.lang.Object, java.lang.Object, java.lang.Object, java.lang.Object, java.lang.Object, java.lang.Object, java.lang.Object, java.lang.Object, java.lang.Object, java.lang.Object, java.lang.Object, java.lang.Object, java.lang.Object, java.lang.Object, java.lang.Object)'> (0x0000000084652bc0) 
thrown [s\src\hotspot\share\interpreter\l
Event: 27.965 Thread 0x00000290dc53a6c0 Exception <a 'java/lang/NoSuchMethodError'{0x0000000083fbffc8}: 'java.lang.Object java.lang.invoke.DirectMethodHandle$Holder.newInvokeSpecial(java.lang.Object, java.lang.Object, int, java.lang.Object)'> (0x0000000083fbffc8) 
thrown [s\src\hotspot\share\interpreter\linkResolver.cpp, line 773]
Event: 27.966 Thread 0x00000290dc53a6c0 Exception <a 'java/lang/NoSuchMethodError'{0x0000000083fc5118}: 'java.lang.Object java.lang.invoke.DirectMethodHandle$Holder.invokeSpecial(java.lang.Object, java.lang.Object, java.lang.Object, int, java.lang.Object)'> (0x0000000083fc5118) 
thrown [s\src\hotspot\share\interpreter\linkResolver.cpp, line 773]
Event: 28.173 Thread 0x00000290dc53a6c0 Exception <a 'java/lang/NoSuchMethodError'{0x0000000083b08260}: 'java.lang.Object java.lang.invoke.DirectMethodHandle$Holder.newInvokeSpecial(java.lang.Object, int, java.lang.Object)'> (0x0000000083b08260) 
thrown [s\src\hotspot\share\interpreter\linkResolver.cpp, line 773]
Event: 28.949 Thread 0x00000290dc53a6c0 Exception <a 'java/lang/NoSuchMethodError'{0x00000000832eee08}: 'int java.lang.invoke.DirectMethodHandle$Holder.invokeSpecialIFC(java.lang.Object, java.lang.Object, java.lang.Object)'> (0x00000000832eee08) 
thrown [s\src\hotspot\share\interpreter\linkResolver.cpp, line 773]
Event: 29.317 Thread 0x00000290dc53a6c0 Exception <a 'java/lang/NoSuchMethodError'{0x0000000087b0ffe0}: 'void java.lang.invoke.DirectMethodHandle$Holder.invokeStatic(java.lang.Object, java.lang.Object, java.lang.Object, int, java.lang.Object)'> (0x0000000087b0ffe0) 
thrown [s\src\hotspot\share\interpreter\linkResolver.cpp, line 773]
Event: 29.581 Thread 0x00000290dc53a6c0 Exception <a 'java/lang/NoSuchMethodError'{0x00000000867fa7e0}: 'int java.lang.invoke.DirectMethodHandle$Holder.invokeInterface(java.lang.Object, java.lang.Object, java.lang.Object, java.lang.Object, java.lang.Object)'> (0x00000000867fa7e0) 
thrown [s\src\hotspot\share\interpreter\linkResolver.cpp, line 773]
Event: 30.034 Thread 0x00000290dc53a6c0 Exception <a 'java/lang/NoSuchMethodError'{0x00000000852bc690}: 'java.lang.Object java.lang.invoke.DirectMethodHandle$Holder.invokeSpecial(java.lang.Object, java.lang.Object, long, java.lang.Object, java.lang.Object)'> (0x00000000852bc690) 
thrown [s\src\hotspot\share\interpreter\linkResolver.cpp, line 773]

ZGC Phase Switch (0 events):
No events

VM Operations (20 events):
Event: 25.782 Executing safepoint VM operation: Cleanup done
Event: 26.058 Executing safepoint VM operation: G1CollectForAllocation (G1 Evacuation Pause)
Event: 26.067 Executing safepoint VM operation: G1CollectForAllocation (G1 Evacuation Pause) done
Event: 26.136 Executing non-safepoint VM operation: HandshakeAllThreads (Deoptimize)
Event: 26.136 Executing non-safepoint VM operation: HandshakeAllThreads (Deoptimize) done
Event: 27.137 Executing safepoint VM operation: Cleanup
Event: 27.137 Executing safepoint VM operation: Cleanup done
Event: 28.137 Executing safepoint VM operation: Cleanup
Event: 28.138 Executing safepoint VM operation: Cleanup done
Event: 29.010 Executing non-safepoint VM operation: HandshakeAllThreads (Deoptimize)
Event: 29.010 Executing non-safepoint VM operation: HandshakeAllThreads (Deoptimize) done
Event: 29.298 Executing safepoint VM operation: G1CollectForAllocation (G1 Evacuation Pause)
Event: 29.310 Executing safepoint VM operation: G1CollectForAllocation (G1 Evacuation Pause) done
Event: 29.884 Executing non-safepoint VM operation: HandshakeAllThreads (Deoptimize)
Event: 29.884 Executing non-safepoint VM operation: HandshakeAllThreads (Deoptimize) done
Event: 29.903 Executing non-safepoint VM operation: HandshakeAllThreads (Deoptimize)
Event: 29.903 Executing non-safepoint VM operation: HandshakeAllThreads (Deoptimize) done
Event: 30.903 Executing safepoint VM operation: Cleanup
Event: 30.904 Executing safepoint VM operation: Cleanup done
Event: 32.904 Executing safepoint VM operation: Cleanup

Memory protections (0 events):
No events

Nmethod flushes (20 events):
Event: 21.484 Thread 0x00000290d5ecf070 flushing  nmethod 0x00000290c0fb1990
Event: 21.484 Thread 0x00000290d5ecf070 flushing  nmethod 0x00000290c0fb2d10
Event: 21.484 Thread 0x00000290d5ecf070 flushing  nmethod 0x00000290c0fb3b10
Event: 21.484 Thread 0x00000290d5ecf070 flushing  nmethod 0x00000290c0fb4210
Event: 21.484 Thread 0x00000290d5ecf070 flushing  nmethod 0x00000290c0fea810
Event: 21.484 Thread 0x00000290d5ecf070 flushing  nmethod 0x00000290c0fee090
Event: 21.484 Thread 0x00000290d5ecf070 flushing  nmethod 0x00000290c0ff0790
Event: 21.484 Thread 0x00000290d5ecf070 flushing  nmethod 0x00000290c0ff2410
Event: 21.484 Thread 0x00000290d5ecf070 flushing  nmethod 0x00000290c1009990
Event: 21.484 Thread 0x00000290d5ecf070 flushing  nmethod 0x00000290c100a790
Event: 21.484 Thread 0x00000290d5ecf070 flushing  nmethod 0x00000290c0e9fd90
Event: 21.484 Thread 0x00000290d5ecf070 flushing  nmethod 0x00000290c0ea2790
Event: 21.484 Thread 0x00000290d5ecf070 flushing  nmethod 0x00000290c0ea5c90
Event: 21.484 Thread 0x00000290d5ecf070 flushing  nmethod 0x00000290c1047190
Event: 21.484 Thread 0x00000290d5ecf070 flushing  nmethod 0x00000290c1047e90
Event: 21.484 Thread 0x00000290d5ecf070 flushing  nmethod 0x00000290c1048b10
Event: 21.484 Thread 0x00000290d5ecf070 flushing  nmethod 0x00000290c1088690
Event: 21.484 Thread 0x00000290d5ecf070 flushing  nmethod 0x00000290c10bdb90
Event: 21.484 Thread 0x00000290d5ecf070 flushing  nmethod 0x00000290c10da790
Event: 21.484 Thread 0x00000290d5ecf070 flushing  nmethod 0x00000290c10de390

Events (20 events):
Event: 11.128 Thread 0x00000290dc53a6c0 Thread added: 0x00000290dc5740d0
Event: 11.293 Thread 0x00000290dc53a6c0 Thread added: 0x00000290dc574760
Event: 11.347 Thread 0x00000290dc5740d0 Thread added: 0x00000290dc574df0
Event: 12.262 Thread 0x00000290d66bb8c0 Thread added: 0x00000290dd34a480
Event: 12.754 Thread 0x00000290dd34a480 Thread exited: 0x00000290dd34a480
Event: 15.902 Thread 0x00000290d66bb8c0 Thread added: 0x00000290dd6fab70
Event: 16.113 Thread 0x00000290dc53a6c0 Thread added: 0x00000290dc572690
Event: 16.245 Thread 0x00000290dc53a6c0 Thread added: 0x00000290dc7a1160
Event: 16.556 Thread 0x00000290dd6fab70 Thread exited: 0x00000290dd6fab70
Event: 17.107 Thread 0x00000290dc53a6c0 Thread added: 0x00000290dc79dce0
Event: 17.130 Thread 0x00000290dc53a6c0 Thread added: 0x00000290dc7a0ad0
Event: 18.444 Thread 0x00000290d66bb8c0 Thread added: 0x00000290dd9a9ab0
Event: 19.627 Thread 0x00000290dd9a9ab0 Thread exited: 0x00000290dd9a9ab0
Event: 20.117 Thread 0x00000290d66bb8c0 Thread added: 0x00000290de8434f0
Event: 21.077 Thread 0x00000290de8434f0 Thread exited: 0x00000290de8434f0
Event: 21.754 Thread 0x00000290dc53a6c0 Thread added: 0x00000290dc7a1e80
Event: 21.968 Thread 0x00000290dc53a6c0 Thread added: 0x00000290dc79ea00
Event: 22.572 Thread 0x00000290dc53a6c0 Thread added: 0x00000290dc7a0440
Event: 22.783 Thread 0x00000290dc53a6c0 Thread added: 0x00000290dc7a2510
Event: 24.549 Thread 0x00000290dc53a6c0 Thread added: 0x00000290dc7a2ba0


Dynamic libraries:
0x00007ff76c200000 - 0x00007ff76c20e000 	C:\Users\PC\.antigravity\extensions\redhat.java-1.54.0-win32-x64\jre\21.0.10-win32-x86_64\bin\java.exe
0x00007ffc76580000 - 0x00007ffc767e7000 	C:\Windows\SYSTEM32\ntdll.dll
0x00007ffc74f80000 - 0x00007ffc75049000 	C:\Windows\System32\KERNEL32.DLL
0x00007ffc72fd0000 - 0x00007ffc733c4000 	C:\Windows\System32\KERNELBASE.dll
0x00007ffc733d0000 - 0x00007ffc7351b000 	C:\Windows\System32\ucrtbase.dll
0x00007ffc31f60000 - 0x00007ffc31f7e000 	C:\Users\PC\.antigravity\extensions\redhat.java-1.54.0-win32-x64\jre\21.0.10-win32-x86_64\bin\VCRUNTIME140.dll
0x00007ffc26a80000 - 0x00007ffc26a98000 	C:\Users\PC\.antigravity\extensions\redhat.java-1.54.0-win32-x64\jre\21.0.10-win32-x86_64\bin\jli.dll
0x00007ffc75fe0000 - 0x00007ffc761a5000 	C:\Windows\System32\USER32.dll
0x00007ffc74250000 - 0x00007ffc74277000 	C:\Windows\System32\win32u.dll
0x00007ffc4edf0000 - 0x00007ffc4f083000 	C:\Windows\WinSxS\amd64_microsoft.windows.common-controls_6595b64144ccf1df_6.0.26100.8115_none_3e075c82e3354f9c\COMCTL32.dll
0x00007ffc75bd0000 - 0x00007ffc75c79000 	C:\Windows\System32\msvcrt.dll
0x00007ffc75690000 - 0x00007ffc756bb000 	C:\Windows\System32\GDI32.dll
0x00007ffc735d0000 - 0x00007ffc736fb000 	C:\Windows\System32\gdi32full.dll
0x00007ffc73520000 - 0x00007ffc735c3000 	C:\Windows\System32\msvcp_win.dll
0x00007ffc75c80000 - 0x00007ffc75cb2000 	C:\Windows\System32\IMM32.DLL
0x00007ffc43a80000 - 0x00007ffc43b72000 	C:\Program Files\Windhawk\Engine\1.6\64\windhawk.dll
0x00007ffc759f0000 - 0x00007ffc75aa6000 	C:\Windows\System32\ADVAPI32.dll
0x00007ffc743d0000 - 0x00007ffc74477000 	C:\Windows\System32\sechost.dll
0x00007ffc758a0000 - 0x00007ffc759b8000 	C:\Windows\System32\RPCRT4.dll
0x00007ffc51dd0000 - 0x00007ffc51ddc000 	C:\Users\PC\.antigravity\extensions\redhat.java-1.54.0-win32-x64\jre\21.0.10-win32-x86_64\bin\vcruntime140_1.dll
0x00007ffbf3e10000 - 0x00007ffbf3e9d000 	C:\Users\PC\.antigravity\extensions\redhat.java-1.54.0-win32-x64\jre\21.0.10-win32-x86_64\bin\msvcp140.dll
0x00007ffb912b0000 - 0x00007ffb92051000 	C:\Users\PC\.antigravity\extensions\redhat.java-1.54.0-win32-x64\jre\21.0.10-win32-x86_64\bin\server\jvm.dll
0x00007ffc75ed0000 - 0x00007ffc75f50000 	C:\Windows\System32\WS2_32.dll
0x00007ffc5f220000 - 0x00007ffc5f22b000 	C:\Windows\SYSTEM32\VERSION.dll
0x00007ffc72cd0000 - 0x00007ffc72d2e000 	C:\Windows\SYSTEM32\POWRPROF.dll
0x00007ffc70220000 - 0x00007ffc70256000 	C:\Windows\SYSTEM32\WINMM.dll
0x00007ffc72c90000 - 0x00007ffc72ca4000 	C:\Windows\SYSTEM32\UMPDC.dll
0x00007ffc71ba0000 - 0x00007ffc71bbb000 	C:\Windows\SYSTEM32\kernel.appcore.dll
0x00007ffc51bc0000 - 0x00007ffc51bca000 	C:\Users\PC\.antigravity\extensions\redhat.java-1.54.0-win32-x64\jre\21.0.10-win32-x86_64\bin\jimage.dll
0x00007ffc709c0000 - 0x00007ffc70c02000 	C:\Windows\SYSTEM32\DBGHELP.DLL
0x00007ffc74480000 - 0x00007ffc74802000 	C:\Windows\System32\combase.dll
0x00007ffc75cc0000 - 0x00007ffc75d98000 	C:\Windows\System32\OLEAUT32.dll
0x00007ffc48c10000 - 0x00007ffc48c4b000 	C:\Windows\SYSTEM32\dbgcore.DLL
0x00007ffc73700000 - 0x00007ffc737a5000 	C:\Windows\System32\bcryptPrimitives.dll
0x00007ffc51650000 - 0x00007ffc5165f000 	C:\Users\PC\.antigravity\extensions\redhat.java-1.54.0-win32-x64\jre\21.0.10-win32-x86_64\bin\instrument.dll
0x00007ffc23690000 - 0x00007ffc236b0000 	C:\Users\PC\.antigravity\extensions\redhat.java-1.54.0-win32-x64\jre\21.0.10-win32-x86_64\bin\java.dll
0x00007ffc74810000 - 0x00007ffc74f77000 	C:\Windows\System32\SHELL32.dll
0x00007ffc740e0000 - 0x00007ffc7424a000 	C:\Windows\System32\wintypes.dll
0x00007ffc737b0000 - 0x00007ffc74018000 	C:\Windows\System32\windows.storage.dll
0x00007ffc75dd0000 - 0x00007ffc75ec8000 	C:\Windows\System32\SHCORE.dll
0x00007ffc75b60000 - 0x00007ffc75bc6000 	C:\Windows\System32\shlwapi.dll
0x00007ffc72d70000 - 0x00007ffc72d99000 	C:\Windows\SYSTEM32\profapi.dll
0x00007ffc35bb0000 - 0x00007ffc35bc8000 	C:\Users\PC\.antigravity\extensions\redhat.java-1.54.0-win32-x64\jre\21.0.10-win32-x86_64\bin\zip.dll
0x00007ffc50f40000 - 0x00007ffc50f50000 	C:\Users\PC\.antigravity\extensions\redhat.java-1.54.0-win32-x64\jre\21.0.10-win32-x86_64\bin\net.dll
0x00007ffc6ca30000 - 0x00007ffc6cb5d000 	C:\Windows\SYSTEM32\WINHTTP.dll
0x00007ffc720f0000 - 0x00007ffc7215c000 	C:\Windows\system32\mswsock.dll
0x00007ffc3ec80000 - 0x00007ffc3ec96000 	C:\Users\PC\.antigravity\extensions\redhat.java-1.54.0-win32-x64\jre\21.0.10-win32-x86_64\bin\nio.dll
0x00007ffc50ee0000 - 0x00007ffc50ef0000 	C:\Users\PC\.antigravity\extensions\redhat.java-1.54.0-win32-x64\jre\21.0.10-win32-x86_64\bin\verify.dll
0x00007ffc6b910000 - 0x00007ffc6b937000 	C:\Users\PC\.gradle\native\1def1411415f61bf3af743bc5b6707747c0891f09f0c88961ee8f79bc544acac\windows-amd64\native-platform.dll
0x00007ffc35b00000 - 0x00007ffc35b78000 	C:\Users\PC\.gradle\native\0.2.7\x86_64-windows-gnu\gradle-fileevents.dll
0x00007ffc6b3e0000 - 0x00007ffc6b3ea000 	C:\Users\PC\.antigravity\extensions\redhat.java-1.54.0-win32-x64\jre\21.0.10-win32-x86_64\bin\management.dll
0x00007ffc50ca0000 - 0x00007ffc50cac000 	C:\Users\PC\.antigravity\extensions\redhat.java-1.54.0-win32-x64\jre\21.0.10-win32-x86_64\bin\management_ext.dll
0x00007ffc75680000 - 0x00007ffc75688000 	C:\Windows\System32\PSAPI.DLL
0x00007ffc71580000 - 0x00007ffc715b2000 	C:\Windows\SYSTEM32\IPHLPAPI.DLL
0x00007ffc759c0000 - 0x00007ffc759ca000 	C:\Windows\System32\NSI.dll
0x00007ffc4f0f0000 - 0x00007ffc4f0f9000 	C:\Users\PC\.antigravity\extensions\redhat.java-1.54.0-win32-x64\jre\21.0.10-win32-x86_64\bin\extnet.dll
0x00007ffc724f0000 - 0x00007ffc7250b000 	C:\Windows\SYSTEM32\CRYPTSP.dll
0x00007ffc71b00000 - 0x00007ffc71b39000 	C:\Windows\system32\rsaenh.dll
0x00007ffc721a0000 - 0x00007ffc721d3000 	C:\Windows\SYSTEM32\USERENV.dll
0x00007ffc72d40000 - 0x00007ffc72d6a000 	C:\Windows\SYSTEM32\bcrypt.dll
0x00007ffc72350000 - 0x00007ffc7235c000 	C:\Windows\SYSTEM32\CRYPTBASE.dll
0x00007ffc463c0000 - 0x00007ffc463ce000 	C:\Users\PC\.antigravity\extensions\redhat.java-1.54.0-win32-x64\jre\21.0.10-win32-x86_64\bin\sunmscapi.dll
0x00007ffc72650000 - 0x00007ffc72680000 	C:\Windows\SYSTEM32\ncrypt.dll
0x00000290dc930000 - 0x00000290dcaa7000 	C:\Windows\System32\CRYPT32.dll
0x00007ffc72600000 - 0x00007ffc7263f000 	C:\Windows\SYSTEM32\NTASN1.dll
0x00007ffc3c2e0000 - 0x00007ffc3c2e8000 	C:\Windows\system32\wshunix.dll

JVMTI agents:
C:\Users\PC\.gradle\wrapper\dists\gradle-8.13-all\54h0s9kvb6g2sinako7ub77ku\gradle-8.13\lib\agents\gradle-instrumentation-agent-8.13.jar path:C:\Users\PC\.antigravity\extensions\redhat.java-1.54.0-win32-x64\jre\21.0.10-win32-x86_64\bin\instrument.dll, loaded, initialized, instrumentlib options:none

dbghelp: loaded successfully - version: 4.0.5 - missing functions: none
symbol engine: initialized successfully - sym options: 0x614 - pdb path: .;C:\Users\PC\.antigravity\extensions\redhat.java-1.54.0-win32-x64\jre\21.0.10-win32-x86_64\bin;C:\Windows\SYSTEM32;C:\Windows\WinSxS\amd64_microsoft.windows.common-controls_6595b64144ccf1df_6.0.26100.8115_none_3e075c82e3354f9c;C:\Program Files\Windhawk\Engine\1.6\64;C:\Users\PC\.antigravity\extensions\redhat.java-1.54.0-win32-x64\jre\21.0.10-win32-x86_64\bin\server;C:\Users\PC\.gradle\native\1def1411415f61bf3af743bc5b6707747c0891f09f0c88961ee8f79bc544acac\windows-amd64;C:\Users\PC\.gradle\native\0.2.7\x86_64-windows-gnu

VM Arguments:
jvm_args: --add-opens=java.base/java.lang=ALL-UNNAMED --add-opens=java.base/java.lang.invoke=ALL-UNNAMED --add-opens=java.base/java.util=ALL-UNNAMED --add-opens=java.prefs/java.util.prefs=ALL-UNNAMED --add-exports=jdk.compiler/com.sun.tools.javac.api=ALL-UNNAMED --add-exports=jdk.compiler/com.sun.tools.javac.util=ALL-UNNAMED --add-opens=java.base/java.util=ALL-UNNAMED --add-opens=java.prefs/java.util.prefs=ALL-UNNAMED --add-opens=java.base/java.nio.charset=ALL-UNNAMED --add-opens=java.base/java.net=ALL-UNNAMED --add-opens=java.base/java.util.concurrent.atomic=ALL-UNNAMED --add-opens=java.xml/javax.xml.namespace=ALL-UNNAMED -XX:MaxMetaspaceSize=1G -XX:ReservedCodeCacheSize=256m -XX:+HeapDumpOnOutOfMemoryError -Xmx2G -Dfile.encoding=UTF-8 -Duser.country=US -Duser.language=en -Duser.variant -javaagent:C:\Users\PC\.gradle\wrapper\dists\gradle-8.13-all\54h0s9kvb6g2sinako7ub77ku\gradle-8.13\lib\agents\gradle-instrumentation-agent-8.13.jar 
java_command: org.gradle.launcher.daemon.bootstrap.GradleDaemon 8.13
java_class_path (initial): C:\Users\PC\.gradle\wrapper\dists\gradle-8.13-all\54h0s9kvb6g2sinako7ub77ku\gradle-8.13\lib\gradle-daemon-main-8.13.jar
Launcher Type: SUN_STANDARD

[Global flags]
     intx CICompilerCount                          = 4                                         {product} {ergonomic}
   size_t CompressedClassSpaceSize                 = 872415232                                 {product} {ergonomic}
     uint ConcGCThreads                            = 3                                         {product} {ergonomic}
     uint G1ConcRefinementThreads                  = 10                                        {product} {ergonomic}
   size_t G1HeapRegionSize                         = 1048576                                   {product} {ergonomic}
    uintx GCDrainStackTargetSize                   = 64                                        {product} {ergonomic}
     bool HeapDumpOnOutOfMemoryError               = true                                   {manageable} {command line}
   size_t InitialHeapSize                          = 130023424                                 {product} {ergonomic}
   size_t MarkStackSize                            = 4194304                                   {product} {ergonomic}
   size_t MaxHeapSize                              = 2147483648                                {product} {command line}
   size_t MaxMetaspaceSize                         = 1073741824                                {product} {command line}
   size_t MaxNewSize                               = 1287651328                                {product} {ergonomic}
   size_t MinHeapDeltaBytes                        = 1048576                                   {product} {ergonomic}
   size_t MinHeapSize                              = 8388608                                   {product} {ergonomic}
    uintx NonNMethodCodeHeapSize                   = 5839372                                {pd product} {ergonomic}
    uintx NonProfiledCodeHeapSize                  = 131298042                              {pd product} {ergonomic}
    uintx ProfiledCodeHeapSize                     = 131298042                              {pd product} {ergonomic}
    uintx ReservedCodeCacheSize                    = 268435456                              {pd product} {command line}
     bool SegmentedCodeCache                       = true                                      {product} {ergonomic}
   size_t SoftMaxHeapSize                          = 2147483648                             {manageable} {ergonomic}
     bool UseCompressedOops                        = true                           {product lp64_product} {ergonomic}
     bool UseG1GC                                  = true                                      {product} {ergonomic}
     bool UseLargePagesIndividualAllocation        = false                                  {pd product} {ergonomic}

Logging:
Log output configuration:
 #0: stdout all=warning uptime,level,tags foldmultilines=false
 #1: stderr all=off uptime,level,tags foldmultilines=false

Release file:
JAVA_VERSION="21.0.10" 
MODULES="java.base java.compiler java.datatransfer java.xml java.prefs java.desktop java.instrument java.logging java.management java.security.sasl java.naming java.rmi java.management.rmi java.net.http java.scripting java.security.jgss java.transaction.xa java.sql java.sql.rowset java.xml.crypto java.se java.smartcardio jdk.accessibility jdk.internal.jvmstat jdk.attach jdk.charsets jdk.internal.opt jdk.zipfs jdk.compiler jdk.crypto.ec jdk.crypto.cryptoki jdk.crypto.mscapi jdk.dynalink jdk.internal.ed jdk.editpad jdk.hotspot.agent jdk.httpserver jdk.internal.le jdk.internal.vm.ci jdk.internal.vm.compiler jdk.internal.vm.compiler.management jdk.jartool jdk.javadoc jdk.jcmd jdk.management jdk.management.agent jdk.jconsole jdk.jdeps jdk.jdwp.agent jdk.jdi jdk.jfr jdk.jshell jdk.jsobject jdk.jstatd jdk.localedata jdk.management.jfr jdk.naming.dns jdk.naming.rmi jdk.net jdk.nio.mapmode jdk.random jdk.sctp jdk.security.auth jdk.security.jgss jdk.unsupported jdk.unsupported.desktop jdk.xml.dom" 

Environment Variables:
JAVA_HOME=C:\Program Files\Java\jdk-25
PATH=C:\oracle\client19c\WINDOWS.X64_193000_client_home\bin;C:\Program Files\Common Files\Oracle\Java\javapath;C:\Program Files (x86)\Common Files\Oracle\Java\javapath;C:\Windows\system32;C:\Windows;C:\Windows\System32\Wbem;C:\Windows\System32\WindowsPowerShell\v1.0\;C:\Windows\System32\OpenSSH\;C:\Program Files (x86)\dotnet\;C:\wamp64\bin\php\php7.4.33;C:\ProgramData\ComposerSetup\bin;C:\Program Files\dotnet\;%JAVA_HOME%\bin;C:\Program Files\Git\cmd;C:\Program Files\nodejs\;C:\Program Files\MongoDB\Server\8.2\bin;C:\Users\PC\AppData\Local\Programs\Python\Python312;C:\Users\PC\AppData\Local\Programs\Python\Python312\Scripts;C:\Program Files\Docker\Docker\resources\bin;C:\Program Files\cursor\resources\app\bin;C:\Program Files\Maven\apache-maven-3.9.14\bin;C:\Users\PC\AppData\Local\Programs\Python\Launcher\;C:\Users\PC\AppData\Local\Microsoft\WindowsApps;C:\Users\PC\AppData\Roaming\Composer\vendor\bin;C:\Users\PC\AppData\Local\Muse Hub\lib;C:\Users\PC\AppData\Local\Programs\Microsoft VS Code\bin;C:\Users\PC\AppData\Roaming\npm;C:\Users\PC\AppData\Local\GitHubDesktop\bin;C:\src\flutter\bin;C:\Users\PC\AppData\Local\Programs\Antigravity\bin;C:\Program Files\Apache\Maven\apache-maven-3.9.14\bin;C:\Program Files (x86)\Nmap
USERNAME=PC
OS=Windows_NT
PROCESSOR_IDENTIFIER=Intel64 Family 6 Model 154 Stepping 4, GenuineIntel
TMP=C:\Users\PC\AppData\Local\Temp
TEMP=C:\Users\PC\AppData\Local\Temp




Periodic native trim disabled

---------------  S Y S T E M  ---------------

OS:
 Windows 11 , 64 bit Build 26100 (10.0.26100.8246)
OS uptime: 0 days 1:01 hours
Hyper-V role detected

CPU: total 12 (initial active 12) (6 cores per cpu, 2 threads per core) family 6 model 154 stepping 4 microcode 0x42c, cx8, cmov, fxsr, ht, mmx, 3dnowpref, sse, sse2, sse3, ssse3, sse4.1, sse4.2, popcnt, lzcnt, tsc, tscinvbit, avx, avx2, aes, erms, clmul, bmi1, bmi2, adx, sha, fma, vzeroupper, clflush, clflushopt, clwb, hv, serialize, rdtscp, rdpid, fsrm, f16c, cet_ibt, cet_ss
Processor Information for processor 0
  Max Mhz: 1300, Current Mhz: 1300, Mhz Limit: 1300
Processor Information for processor 1
  Max Mhz: 1300, Current Mhz: 1300, Mhz Limit: 1300
Processor Information for processor 2
  Max Mhz: 1300, Current Mhz: 1300, Mhz Limit: 1300
Processor Information for processor 3
  Max Mhz: 1300, Current Mhz: 1300, Mhz Limit: 1300
Processor Information for processor 4
  Max Mhz: 1300, Current Mhz: 900, Mhz Limit: 897
Processor Information for processor 5
  Max Mhz: 1300, Current Mhz: 900, Mhz Limit: 897
Processor Information for processor 6
  Max Mhz: 1300, Current Mhz: 900, Mhz Limit: 897
Processor Information for processor 7
  Max Mhz: 1300, Current Mhz: 900, Mhz Limit: 897
Processor Information for processor 8
  Max Mhz: 1300, Current Mhz: 900, Mhz Limit: 897
Processor Information for processor 9
  Max Mhz: 1300, Current Mhz: 900, Mhz Limit: 897
Processor Information for processor 10
  Max Mhz: 1300, Current Mhz: 900, Mhz Limit: 897
Processor Information for processor 11
  Max Mhz: 1300, Current Mhz: 900, Mhz Limit: 897

Memory: 4k page, system-wide physical 7863M (527M free)
TotalPageFile size 20151M (AvailPageFile size 33M)
current process WorkingSet (physical memory assigned to process): 184M, peak: 209M
current process commit charge ("private bytes"): 283M, peak: 294M

vm_info: OpenJDK 64-Bit Server VM (21.0.10+7-LTS) for windows-amd64 JRE (21.0.10+7-LTS), built on 2026-01-20T00:00:00Z by "admin" with MS VC++ 17.12 (VS2022)

END.
